main.c:115:6:encode_int16_to_uint8	32	static
main.c:122:6:decode_uint8_to_int16	32	static
main.c:134:6:HAL_TIM_PeriodElapsedCallback	120	static
main.c:200:5:main	128	static
main.c:344:6:SystemClock_Config	72	static
main.c:380:13:MX_SPI1_Init	8	static
main.c:416:13:MX_SPI2_Init	8	static
main.c:452:13:MX_TIM1_Init	32	static
main.c:495:13:MX_TIM3_Init	48	static
main.c:546:13:MX_TIM4_Init	48	static
main.c:597:13:MX_USART1_UART_Init	8	static
main.c:628:13:MX_USART3_UART_Init	8	static
main.c:659:13:MX_GPIO_Init	40	static
main.c:697:6:Error_Handler	4	static,ignoring_inline_asm
